Archive member included to satisfy reference by file (symbol)

c:/st/stm32cubeide_1.6.1/stm32cubeide/plugins/com.st.stm32cube.ide.mcu.externaltools.gnu-tools-for-stm32.10.3-2021.10.win32_1.0.200.202301161003/tools/bin/../lib/gcc/arm-none-eabi/10.3.1/../../../../arm-none-eabi/lib/thumb/v7e-m+dp/hard\libc_nano.a(lib_a-errno.o)
                              ./Core/Src/syscalls.o (__errno)
c:/st/stm32cubeide_1.6.1/stm32cubeide/plugins/com.st.stm32cube.ide.mcu.externaltools.gnu-tools-for-stm32.10.3-2021.10.win32_1.0.200.202301161003/tools/bin/../lib/gcc/arm-none-eabi/10.3.1/../../../../arm-none-eabi/lib/thumb/v7e-m+dp/hard\libc_nano.a(lib_a-exit.o)
                              c:/st/stm32cubeide_1.6.1/stm32cubeide/plugins/com.st.stm32cube.ide.mcu.externaltools.gnu-tools-for-stm32.10.3-2021.10.win32_1.0.200.202301161003/tools/bin/../lib/gcc/arm-none-eabi/10.3.1/../../../../arm-none-eabi/lib/thumb/v7e-m+dp/hard/crt0.o (exit)
c:/st/stm32cubeide_1.6.1/stm32cubeide/plugins/com.st.stm32cube.ide.mcu.externaltools.gnu-tools-for-stm32.10.3-2021.10.win32_1.0.200.202301161003/tools/bin/../lib/gcc/arm-none-eabi/10.3.1/../../../../arm-none-eabi/lib/thumb/v7e-m+dp/hard\libc_nano.a(lib_a-impure.o)
                              c:/st/stm32cubeide_1.6.1/stm32cubeide/plugins/com.st.stm32cube.ide.mcu.externaltools.gnu-tools-for-stm32.10.3-2021.10.win32_1.0.200.202301161003/tools/bin/../lib/gcc/arm-none-eabi/10.3.1/../../../../arm-none-eabi/lib/thumb/v7e-m+dp/hard\libc_nano.a(lib_a-exit.o) (_global_impure_ptr)
c:/st/stm32cubeide_1.6.1/stm32cubeide/plugins/com.st.stm32cube.ide.mcu.externaltools.gnu-tools-for-stm32.10.3-2021.10.win32_1.0.200.202301161003/tools/bin/../lib/gcc/arm-none-eabi/10.3.1/../../../../arm-none-eabi/lib/thumb/v7e-m+dp/hard\libc_nano.a(lib_a-init.o)
                              c:/st/stm32cubeide_1.6.1/stm32cubeide/plugins/com.st.stm32cube.ide.mcu.externaltools.gnu-tools-for-stm32.10.3-2021.10.win32_1.0.200.202301161003/tools/bin/../lib/gcc/arm-none-eabi/10.3.1/../../../../arm-none-eabi/lib/thumb/v7e-m+dp/hard/crt0.o (__libc_init_array)
c:/st/stm32cubeide_1.6.1/stm32cubeide/plugins/com.st.stm32cube.ide.mcu.externaltools.gnu-tools-for-stm32.10.3-2021.10.win32_1.0.200.202301161003/tools/bin/../lib/gcc/arm-none-eabi/10.3.1/../../../../arm-none-eabi/lib/thumb/v7e-m+dp/hard\libc_nano.a(lib_a-memset.o)
                              c:/st/stm32cubeide_1.6.1/stm32cubeide/plugins/com.st.stm32cube.ide.mcu.externaltools.gnu-tools-for-stm32.10.3-2021.10.win32_1.0.200.202301161003/tools/bin/../lib/gcc/arm-none-eabi/10.3.1/../../../../arm-none-eabi/lib/thumb/v7e-m+dp/hard/crt0.o (memset)
c:/st/stm32cubeide_1.6.1/stm32cubeide/plugins/com.st.stm32cube.ide.mcu.externaltools.gnu-tools-for-stm32.10.3-2021.10.win32_1.0.200.202301161003/tools/bin/../lib/gcc/arm-none-eabi/10.3.1/thumb/v7e-m+dp/hard\libgcc.a(_aeabi_uldivmod.o)
                              ./Drivers/STM32H7xx_HAL_Driver/Src/stm32h7xx_hal_uart.o (__aeabi_uldivmod)
c:/st/stm32cubeide_1.6.1/stm32cubeide/plugins/com.st.stm32cube.ide.mcu.externaltools.gnu-tools-for-stm32.10.3-2021.10.win32_1.0.200.202301161003/tools/bin/../lib/gcc/arm-none-eabi/10.3.1/thumb/v7e-m+dp/hard\libgcc.a(_udivmoddi4.o)
                              c:/st/stm32cubeide_1.6.1/stm32cubeide/plugins/com.st.stm32cube.ide.mcu.externaltools.gnu-tools-for-stm32.10.3-2021.10.win32_1.0.200.202301161003/tools/bin/../lib/gcc/arm-none-eabi/10.3.1/thumb/v7e-m+dp/hard\libgcc.a(_aeabi_uldivmod.o) (__udivmoddi4)
c:/st/stm32cubeide_1.6.1/stm32cubeide/plugins/com.st.stm32cube.ide.mcu.externaltools.gnu-tools-for-stm32.10.3-2021.10.win32_1.0.200.202301161003/tools/bin/../lib/gcc/arm-none-eabi/10.3.1/thumb/v7e-m+dp/hard\libgcc.a(_dvmd_tls.o)
                              c:/st/stm32cubeide_1.6.1/stm32cubeide/plugins/com.st.stm32cube.ide.mcu.externaltools.gnu-tools-for-stm32.10.3-2021.10.win32_1.0.200.202301161003/tools/bin/../lib/gcc/arm-none-eabi/10.3.1/thumb/v7e-m+dp/hard\libgcc.a(_aeabi_uldivmod.o) (__aeabi_ldiv0)

Discarded input sections

 .text          0x0000000000000000        0x0 c:/st/stm32cubeide_1.6.1/stm32cubeide/plugins/com.st.stm32cube.ide.mcu.externaltools.gnu-tools-for-stm32.10.3-2021.10.win32_1.0.200.202301161003/tools/bin/../lib/gcc/arm-none-eabi/10.3.1/thumb/v7e-m+dp/hard/crti.o
 .data          0x0000000000000000        0x0 c:/st/stm32cubeide_1.6.1/stm32cubeide/plugins/com.st.stm32cube.ide.mcu.externaltools.gnu-tools-for-stm32.10.3-2021.10.win32_1.0.200.202301161003/tools/bin/../lib/gcc/arm-none-eabi/10.3.1/thumb/v7e-m+dp/hard/crti.o
 .bss           0x0000000000000000        0x0 c:/st/stm32cubeide_1.6.1/stm32cubeide/plugins/com.st.stm32cube.ide.mcu.externaltools.gnu-tools-for-stm32.10.3-2021.10.win32_1.0.200.202301161003/tools/bin/../lib/gcc/arm-none-eabi/10.3.1/thumb/v7e-m+dp/hard/crti.o
[...]
Memory Configuration

Name             Origin             Length             Attributes
ITCMRAM          0x0000000000000000 0x0000000000010000 xrw
DTCMRAM          0x0000000020000000 0x0000000000020000 xrw
FLASH            0x0000000008000000 0x0000000000100000 xr
RAM_D1           0x0000000024000000 0x0000000000050000 xrw
RAM_D2           0x0000000030000000 0x0000000000008000 xrw
RAM_D3           0x0000000038000000 0x0000000000004000 xrw
*default*        0x0000000000000000 0xffffffffffffffff

Linker script and memory map

LOAD c:/st/stm32cubeide_1.6.1/stm32cubeide/plugins/com.st.stm32cube.ide.mcu.externaltools.gnu-tools-for-stm32.10.3-2021.10.win32_1.0.200.202301161003/tools/bin/../lib/gcc/arm-none-eabi/10.3.1/thumb/v7e-m+dp/hard/crti.o
LOAD c:/st/stm32cubeide_1.6.1/stm32cubeide/plugins/com.st.stm32cube.ide.mcu.externaltools.gnu-tools-for-stm32.10.3-2021.10.win32_1.0.200.202301161003/tools/bin/../lib/gcc/arm-none-eabi/10.3.1/thumb/v7e-m+dp/hard/crtbegin.o
LOAD c:/st/stm32cubeide_1.6.1/stm32cubeide/plugins/com.st.stm32cube.ide.mcu.externaltools.gnu-tools-for-stm32.10.3-2021.10.win32_1.0.200.202301161003/tools/bin/../lib/gcc/arm-none-eabi/10.3.1/../../../../arm-none-eabi/lib/thumb/v7e-m+dp/hard/crt0.o
LOAD ./Core/Src/eth.o
LOAD ./Core/Src/gpio.o
LOAD ./Core/Src/main.o
LOAD ./Core/Src/stm32h7xx_hal_msp.o
LOAD ./Core/Src/stm32h7xx_it.o
LOAD ./Core/Src/syscalls.o
LOAD ./Core/Src/sysmem.o
LOAD ./Core/Src/system_stm32h7xx.o
LOAD ./Core/Src/usart.o
LOAD ./Core/Src/usb_otg.o
LOAD ./Core/Startup/startup_stm32h723zgtx.o
LOAD ./Drivers/STM32H7xx_HAL_Driver/Src/stm32h7xx_hal.o
LOAD ./Drivers/STM32H7xx_HAL_Driver/Src/stm32h7xx_hal_cortex.o
LOAD ./Drivers/STM32H7xx_HAL_Driver/Src/stm32h7xx_hal_dma.o
LOAD ./Drivers/STM32H7xx_HAL_Driver/Src/stm32h7xx_hal_dma_ex.o
LOAD ./Drivers/STM32H7xx_HAL_Driver/Src/stm32h7xx_hal_eth.o
LOAD ./Drivers/STM32H7xx_HAL_Driver/Src/stm32h7xx_hal_eth_ex.o
LOAD ./Drivers/STM32H7xx_HAL_Driver/Src/stm32h7xx_hal_exti.o
LOAD ./Drivers/STM32H7xx_HAL_Driver/Src/stm32h7xx_hal_flash.o
LOAD ./Drivers/STM32H7xx_HAL_Driver/Src/stm32h7xx_hal_flash_ex.o
LOAD ./Drivers/STM32H7xx_HAL_Driver/Src/stm32h7xx_hal_gpio.o
LOAD ./Drivers/STM32H7xx_HAL_Driver/Src/stm32h7xx_hal_hsem.o
LOAD ./Drivers/STM32H7xx_HAL_Driver/Src/stm32h7xx_hal_i2c.o
LOAD ./Drivers/STM32H7xx_HAL_Driver/Src/stm32h7xx_hal_i2c_ex.o
LOAD ./Drivers/STM32H7xx_HAL_Driver/Src/stm32h7xx_hal_mdma.o
LOAD ./Drivers/STM32H7xx_HAL_Driver/Src/stm32h7xx_hal_pwr.o
LOAD ./Drivers/STM32H7xx_HAL_Driver/Src/stm32h7xx_hal_pwr_ex.o
LOAD ./Drivers/STM32H7xx_HAL_Driver/Src/stm32h7xx_hal_rcc.o
LOAD ./Drivers/STM32H7xx_HAL_Driver/Src/stm32h7xx_hal_rcc_ex.o
LOAD ./Drivers/STM32H7xx_HAL_Driver/Src/stm32h7xx_hal_tim.o
LOAD ./Drivers/STM32H7xx_HAL_Driver/Src/stm32h7xx_hal_tim_ex.o
LOAD ./Drivers/STM32H7xx_HAL_Driver/Src/stm32h7xx_hal_uart.o
LOAD ./Drivers/STM32H7xx_HAL_Driver/Src/stm32h7xx_hal_uart_ex.o
START GROUP
LOAD c:/st/stm32cubeide_1.6.1/stm32cubeide/plugins/com.st.stm32cube.ide.mcu.externaltools.gnu-tools-for-stm32.10.3-2021.10.win32_1.0.200.202301161003/tools/bin/../lib/gcc/arm-none-eabi/10.3.1/../../../../arm-none-eabi/lib/thumb/v7e-m+dp/hard\libstdc++_nano.a
LOAD c:/st/stm32cubeide_1.6.1/stm32cubeide/plugins/com.st.stm32cube.ide.mcu.externaltools.gnu-tools-for-stm32.10.3-2021.10.win32_1.0.200.202301161003/tools/bin/../lib/gcc/arm-none-eabi/10.3.1/../../../../arm-none-eabi/lib/thumb/v7e-m+dp/hard\libsupc++_nano.a
END GROUP
LOAD c:/st/stm32cubeide_1.6.1/stm32cubeide/plugins/com.st.stm32cube.ide.mcu.externaltools.gnu-tools-for-stm32.10.3-2021.10.win32_1.0.200.202301161003/tools/bin/../lib/gcc/arm-none-eabi/10.3.1/../../../../arm-none-eabi/lib/thumb/v7e-m+dp/hard\libstdc++_nano.a
LOAD c:/st/stm32cubeide_1.6.1/stm32cubeide/plugins/com.st.stm32cube.ide.mcu.externaltools.gnu-tools-for-stm32.10.3-2021.10.win32_1.0.200.202301161003/tools/bin/../lib/gcc/arm-none-eabi/10.3.1/../../../../arm-none-eabi/lib/thumb/v7e-m+dp/hard\libm.a
LOAD c:/st/stm32cubeide_1.6.1/stm32cubeide/plugins/com.st.stm32cube.ide.mcu.externaltools.gnu-tools-for-stm32.10.3-2021.10.win32_1.0.200.202301161003/tools/bin/../lib/gcc/arm-none-eabi/10.3.1/../../../../arm-none-eabi/lib/thumb/v7e-m+dp/hard\libc_nano.a
START GROUP
LOAD c:/st/stm32cubeide_1.6.1/stm32cubeide/plugins/com.st.stm32cube.ide.mcu.externaltools.gnu-tools-for-stm32.10.3-2021.10.win32_1.0.200.202301161003/tools/bin/../lib/gcc/arm-none-eabi/10.3.1/thumb/v7e-m+dp/hard\libgcc.a
LOAD c:/st/stm32cubeide_1.6.1/stm32cubeide/plugins/com.st.stm32cube.ide.mcu.externaltools.gnu-tools-for-stm32.10.3-2021.10.win32_1.0.200.202301161003/tools/bin/../lib/gcc/arm-none-eabi/10.3.1/../../../../arm-none-eabi/lib/thumb/v7e-m+dp/hard\libc_nano.a
END GROUP
START GROUP
LOAD c:/st/stm32cubeide_1.6.1/stm32cubeide/plugins/com.st.stm32cube.ide.mcu.externaltools.gnu-tools-for-stm32.10.3-2021.10.win32_1.0.200.202301161003/tools/bin/../lib/gcc/arm-none-eabi/10.3.1/thumb/v7e-m+dp/hard\libgcc.a
LOAD c:/st/stm32cubeide_1.6.1/stm32cubeide/plugins/com.st.stm32cube.ide.mcu.externaltools.gnu-tools-for-stm32.10.3-2021.10.win32_1.0.200.202301161003/tools/bin/../lib/gcc/arm-none-eabi/10.3.1/../../../../arm-none-eabi/lib/thumb/v7e-m+dp/hard\libc_nano.a
LOAD c:/st/stm32cubeide_1.6.1/stm32cubeide/plugins/com.st.stm32cube.ide.mcu.externaltools.gnu-tools-for-stm32.10.3-2021.10.win32_1.0.200.202301161003/tools/bin/../lib/gcc/arm-none-eabi/10.3.1/../../../../arm-none-eabi/lib/thumb/v7e-m+dp/hard\libnosys.a
END GROUP
START GROUP
LOAD c:/st/stm32cubeide_1.6.1/stm32cubeide/plugins/com.st.stm32cube.ide.mcu.externaltools.gnu-tools-for-stm32.10.3-2021.10.win32_1.0.200.202301161003/tools/bin/../lib/gcc/arm-none-eabi/10.3.1/thumb/v7e-m+dp/hard\libgcc.a
LOAD c:/st/stm32cubeide_1.6.1/stm32cubeide/plugins/com.st.stm32cube.ide.mcu.externaltools.gnu-tools-for-stm32.10.3-2021.10.win32_1.0.200.202301161003/tools/bin/../lib/gcc/arm-none-eabi/10.3.1/../../../../arm-none-eabi/lib/thumb/v7e-m+dp/hard\libc_nano.a
LOAD c:/st/stm32cubeide_1.6.1/stm32cubeide/plugins/com.st.stm32cube.ide.mcu.externaltools.gnu-tools-for-stm32.10.3-2021.10.win32_1.0.200.202301161003/tools/bin/../lib/gcc/arm-none-eabi/10.3.1/../../../../arm-none-eabi/lib/thumb/v7e-m+dp/hard\libnosys.a
END GROUP
LOAD c:/st/stm32cubeide_1.6.1/stm32cubeide/plugins/com.st.stm32cube.ide.mcu.externaltools.gnu-tools-for-stm32.10.3-2021.10.win32_1.0.200.202301161003/tools/bin/../lib/gcc/arm-none-eabi/10.3.1/thumb/v7e-m+dp/hard/crtend.o
LOAD c:/st/stm32cubeide_1.6.1/stm32cubeide/plugins/com.st.stm32cube.ide.mcu.externaltools.gnu-tools-for-stm32.10.3-2021.10.win32_1.0.200.202301161003/tools/bin/../lib/gcc/arm-none-eabi/10.3.1/thumb/v7e-m+dp/hard/crtn.o
                0x0000000024050000                _estack = (ORIGIN (RAM_D1) + LENGTH (RAM_D1))
                0x0000000000000200                _Min_Heap_Size = 0x200
                0x0000000000000400                _Min_Stack_Size = 0x400

.isr_vector     0x0000000008000000      0x2cc
                0x0000000008000000                . = ALIGN (0x4)
 *(.isr_vector)
 .isr_vector    0x0000000008000000      0x2cc ./Core/Startup/startup_stm32h723zgtx.o
                0x0000000008000000                g_pfnVectors
                0x00000000080002cc                . = ALIGN (0x4)

.text           0x00000000080002cc     0x598c
                0x00000000080002cc                . = ALIGN (0x4)
 *(.text)
 .text          0x00000000080002cc       0x40 c:/st/stm32cubeide_1.6.1/stm32cubeide/plugins/com.st.stm32cube.ide.mcu.externaltools.gnu-tools-for-stm32.10.3-2021.10.win32_1.0.200.202301161003/tools/bin/../lib/gcc/arm-none-eabi/10.3.1/thumb/v7e-m+dp/hard/crtbegin.o
 .text          0x000000000800030c       0x30 c:/st/stm32cubeide_1.6.1/stm32cubeide/plugins/com.st.stm32cube.ide.mcu.externaltools.gnu-tools-for-stm32.10.3-2021.10.win32_1.0.200.202301161003/tools/bin/../lib/gcc/arm-none-eabi/10.3.1/thumb/v7e-m+dp/hard\libgcc.a(_aeabi_uldivmod.o)
                0x000000000800030c                __aeabi_uldivmod
 .text          0x000000000800033c      0x2d0 c:/st/stm32cubeide_1.6.1/stm32cubeide/plugins/com.st.stm32cube.ide.mcu.externaltools.gnu-tools-for-stm32.10.3-2021.10.win32_1.0.200.202301161003/tools/bin/../lib/gcc/arm-none-eabi/10.3.1/thumb/v7e-m+dp/hard\libgcc.a(_udivmoddi4.o)
                0x000000000800033c                __udivmoddi4
 .text          0x000000000800060c        0x4 c:/st/stm32cubeide_1.6.1/stm32cubeide/plugins/com.st.stm32cube.ide.mcu.externaltools.gnu-tools-for-stm32.10.3-2021.10.win32_1.0.200.202301161003/tools/bin/../lib/gcc/arm-none-eabi/10.3.1/thumb/v7e-m+dp/hard\libgcc.a(_dvmd_tls.o)
                0x000000000800060c                __aeabi_idiv0
                0x000000000800060c                __aeabi_ldiv0
 *(.text*)
 .text.MX_ETH_Init
                0x0000000008000610       0x98 ./Core/Src/eth.o
                0x0000000008000610                MX_ETH_Init
 .text.HAL_ETH_MspInit
                0x00000000080006a8      0x19c ./Core/Src/eth.o
                0x00000000080006a8                HAL_ETH_MspInit
 .text.MX_GPIO_Init
                0x0000000008000844      0x1f8 ./Core/Src/gpio.o
                0x0000000008000844                MX_GPIO_Init
 .text.main     0x0000000008000a3c       0x1e ./Core/Src/main.o
                0x0000000008000a3c                main
 *fill*         0x0000000008000a5a        0x2 
 .text.SystemClock_Config
                0x0000000008000a5c       0xe0 ./Core/Src/main.o
                0x0000000008000a5c                SystemClock_Config
 .text.Error_Handler
                0x0000000008000b3c        0xa ./Core/Src/main.o
                0x0000000008000b3c                Error_Handler
 *fill*         0x0000000008000b46        0x2 
 .text.HAL_MspInit
                0x0000000008000b48       0x34 ./Core/Src/stm32h7xx_hal_msp.o
                0x0000000008000b48                HAL_MspInit
 .text.NMI_Handler
                0x0000000008000b7c        0x6 ./Core/Src/stm32h7xx_it.o
                0x0000000008000b7c                NMI_Handler
 .text.HardFault_Handler
                0x0000000008000b82        0x6 ./Core/Src/stm32h7xx_it.o
                0x0000000008000b82                HardFault_Handler
 .text.MemManage_Handler
                0x0000000008000b88        0x6 ./Core/Src/stm32h7xx_it.o
                0x0000000008000b88                MemManage_Handler
 .text.BusFault_Handler
                0x0000000008000b8e        0x6 ./Core/Src/stm32h7xx_it.o
                0x0000000008000b8e                BusFault_Handler
 .text.UsageFault_Handler
                0x0000000008000b94        0x6 ./Core/Src/stm32h7xx_it.o
                0x0000000008000b94                UsageFault_Handler
 .text.SVC_Handler
                0x0000000008000b9a        0xe ./Core/Src/stm32h7xx_it.o
                0x0000000008000b9a                SVC_Handler
 .text.DebugMon_Handler
                0x0000000008000ba8        0xe ./Core/Src/stm32h7xx_it.o
                0x0000000008000ba8                DebugMon_Handler
 .text.PendSV_Handler
                0x0000000008000bb6        0xe ./Core/Src/stm32h7xx_it.o
                0x0000000008000bb6                PendSV_Handler
 .text.SysTick_Handler
                0x0000000008000bc4        0xc ./Core/Src/stm32h7xx_it.o
                0x0000000008000bc4                SysTick_Handler
 .text.SystemInit
                0x0000000008000bd0       0xf0 ./Core/Src/system_stm32h7xx.o
                0x0000000008000bd0                SystemInit
 .text.MX_USART3_UART_Init
                0x0000000008000cc0       0x98 ./Core/Src/usart.o
                0x0000000008000cc0                MX_USART3_UART_Init
 .text.HAL_UART_MspInit
                0x0000000008000d58       0xd4 ./Core/Src/usart.o
                0x0000000008000d58                HAL_UART_MspInit
 .text.MX_USB_OTG_HS_USB_Init
                0x0000000008000e2c        0xe ./Core/Src/usb_otg.o
                0x0000000008000e2c                MX_USB_OTG_HS_USB_Init
 *fill*         0x0000000008000e3a        0x2 
 .text.Reset_Handler
                0x0000000008000e3c       0x50 ./Core/Startup/startup_stm32h723zgtx.o
                0x0000000008000e3c                Reset_Handler
 .text.Default_Handler
                0x0000000008000e8c        0x2 ./Core/Startup/startup_stm32h723zgtx.o
                0x0000000008000e8c                RTC_Alarm_IRQHandler
                0x0000000008000e8c                EXTI2_IRQHandler
                0x0000000008000e8c                TIM8_CC_IRQHandler
                0x0000000008000e8c                UART8_IRQHandler
                0x0000000008000e8c                SPI4_IRQHandler
                0x0000000008000e8c                FDCAN3_IT0_IRQHandler
                0x0000000008000e8c                TIM1_CC_IRQHandler
                0x0000000008000e8c                BDMA_Channel6_IRQHandler
                0x0000000008000e8c                DMA2_Stream5_IRQHandler
                0x0000000008000e8c                DMA1_Stream5_IRQHandler
                0x0000000008000e8c                CORDIC_IRQHandler
                0x0000000008000e8c                BDMA_Channel1_IRQHandler
                0x0000000008000e8c                TAMP_STAMP_IRQHandler
                0x0000000008000e8c                EXTI3_IRQHandler
                0x0000000008000e8c                LPTIM4_IRQHandler
                0x0000000008000e8c                TIM8_TRG_COM_TIM14_IRQHandler
                0x0000000008000e8c                LPTIM2_IRQHandler
                0x0000000008000e8c                DFSDM1_FLT1_IRQHandler
                0x0000000008000e8c                DMAMUX2_OVR_IRQHandler
                0x0000000008000e8c                TIM8_UP_TIM13_IRQHandler
                0x0000000008000e8c                I2C3_ER_IRQHandler
                0x0000000008000e8c                DFSDM1_FLT2_IRQHandler
                0x0000000008000e8c                I2C5_EV_IRQHandler
                0x0000000008000e8c                USART10_IRQHandler
                0x0000000008000e8c                MDMA_IRQHandler
                0x0000000008000e8c                LPTIM3_IRQHandler
                0x0000000008000e8c                HSEM1_IRQHandler
                0x0000000008000e8c                EXTI0_IRQHandler
                0x0000000008000e8c                I2C2_EV_IRQHandler
                0x0000000008000e8c                DMA1_Stream2_IRQHandler
                0x0000000008000e8c                FPU_IRQHandler
                0x0000000008000e8c                OTG_HS_WKUP_IRQHandler
                0x0000000008000e8c                FDCAN1_IT1_IRQHandler
                0x0000000008000e8c                LTDC_ER_IRQHandler
                0x0000000008000e8c                DMA2_Stream2_IRQHandler
                0x0000000008000e8c                SPI1_IRQHandler
                0x0000000008000e8c                OCTOSPI1_IRQHandler
                0x0000000008000e8c                TIM6_DAC_IRQHandler
                0x0000000008000e8c                DMA2_Stream3_IRQHandler
                0x0000000008000e8c                OCTOSPI2_IRQHandler
                0x0000000008000e8c                DFSDM1_FLT3_IRQHandler
                0x0000000008000e8c                TIM23_IRQHandler
                0x0000000008000e8c                USART6_IRQHandler
                0x0000000008000e8c                TIM17_IRQHandler
                0x0000000008000e8c                USART3_IRQHandler
                0x0000000008000e8c                BDMA_Channel7_IRQHandler
                0x0000000008000e8c                LPTIM5_IRQHandler
                0x0000000008000e8c                UART5_IRQHandler
                0x0000000008000e8c                ADC3_IRQHandler
                0x0000000008000e8c                DMA2_Stream0_IRQHandler
                0x0000000008000e8c                TIM4_IRQHandler
                0x0000000008000e8c                BDMA_Channel2_IRQHandler
                0x0000000008000e8c                I2C1_EV_IRQHandler
                0x0000000008000e8c                DMA1_Stream6_IRQHandler
                0x0000000008000e8c                DMAMUX1_OVR_IRQHandler
                0x0000000008000e8c                DMA1_Stream1_IRQHandler
                0x0000000008000e8c                TIM16_IRQHandler
                0x0000000008000e8c                UART4_IRQHandler
                0x0000000008000e8c                BDMA_Channel5_IRQHandler
                0x0000000008000e8c                TIM3_IRQHandler
                0x0000000008000e8c                RCC_IRQHandler
                0x0000000008000e8c                UART9_IRQHandler
                0x0000000008000e8c                TIM8_BRK_TIM12_IRQHandler
                0x0000000008000e8c                TIM1_TRG_COM_IRQHandler
                0x0000000008000e8c                Default_Handler
                0x0000000008000e8c                ECC_IRQHandler
                0x0000000008000e8c                FMAC_IRQHandler
                0x0000000008000e8c                CEC_IRQHandler
                0x0000000008000e8c                EXTI15_10_IRQHandler
                0x0000000008000e8c                BDMA_Channel0_IRQHandler
                0x0000000008000e8c                ADC_IRQHandler
                0x0000000008000e8c                I2C5_ER_IRQHandler
                0x0000000008000e8c                DMA1_Stream7_IRQHandler
                0x0000000008000e8c                SPI5_IRQHandler
                0x0000000008000e8c                TIM7_IRQHandler
                0x0000000008000e8c                FDCAN3_IT1_IRQHandler
                0x0000000008000e8c                SDMMC1_IRQHandler
                0x0000000008000e8c                TIM5_IRQHandler
                0x0000000008000e8c                DMA2_Stream7_IRQHandler
                0x0000000008000e8c                TIM15_IRQHandler
                0x0000000008000e8c                PVD_AVD_IRQHandler
                0x0000000008000e8c                I2C3_EV_IRQHandler
                0x0000000008000e8c                EXTI9_5_IRQHandler
                0x0000000008000e8c                RTC_WKUP_IRQHandler
                0x0000000008000e8c                LTDC_IRQHandler
                0x0000000008000e8c                ETH_WKUP_IRQHandler
                0x0000000008000e8c                SPDIF_RX_IRQHandler
                0x0000000008000e8c                SPI2_IRQHandler
                0x0000000008000e8c                OTG_HS_EP1_IN_IRQHandler
                0x0000000008000e8c                DMA1_Stream0_IRQHandler
                0x0000000008000e8c                TIM24_IRQHandler
                0x0000000008000e8c                CRS_IRQHandler
                0x0000000008000e8c                EXTI4_IRQHandler
                0x0000000008000e8c                RNG_IRQHandler
                0x0000000008000e8c                FDCAN2_IT1_IRQHandler
                0x0000000008000e8c                ETH_IRQHandler
                0x0000000008000e8c                TIM1_UP_IRQHandler
                0x0000000008000e8c                BDMA_Channel4_IRQHandler
                0x0000000008000e8c                OTG_HS_EP1_OUT_IRQHandler
                0x0000000008000e8c                WWDG_IRQHandler
                0x0000000008000e8c                SPI6_IRQHandler
                0x0000000008000e8c                MDIOS_IRQHandler
                0x0000000008000e8c                I2C4_EV_IRQHandler
                0x0000000008000e8c                FDCAN2_IT0_IRQHandler
                0x0000000008000e8c                LPUART1_IRQHandler
                0x0000000008000e8c                FDCAN1_IT0_IRQHandler
                0x0000000008000e8c                TIM2_IRQHandler
                0x0000000008000e8c                OTG_HS_IRQHandler
                0x0000000008000e8c                DMA2D_IRQHandler
                0x0000000008000e8c                TIM1_BRK_IRQHandler
                0x0000000008000e8c                EXTI1_IRQHandler
                0x0000000008000e8c                SDMMC2_IRQHandler
                0x0000000008000e8c                BDMA_Channel3_IRQHandler
                0x0000000008000e8c                DTS_IRQHandler
                0x0000000008000e8c                UART7_IRQHandler
                0x0000000008000e8c                MDIOS_WKUP_IRQHandler
                0x0000000008000e8c                USART2_IRQHandler
                0x0000000008000e8c                DFSDM1_FLT0_IRQHandler
                0x0000000008000e8c                SAI4_IRQHandler
                0x0000000008000e8c                I2C2_ER_IRQHandler
                0x0000000008000e8c                DMA2_Stream1_IRQHandler
                0x0000000008000e8c                FLASH_IRQHandler
                0x0000000008000e8c                DMA2_Stream4_IRQHandler
                0x0000000008000e8c                USART1_IRQHandler
                0x0000000008000e8c                SPI3_IRQHandler
                0x0000000008000e8c                WAKEUP_PIN_IRQHandler
                0x0000000008000e8c                DMA1_Stream4_IRQHandler
                0x0000000008000e8c                I2C1_ER_IRQHandler
                0x0000000008000e8c                FMC_IRQHandler
                0x0000000008000e8c                FDCAN_CAL_IRQHandler
                0x0000000008000e8c                SWPMI1_IRQHandler
                0x0000000008000e8c                COMP1_IRQHandler
                0x0000000008000e8c                LPTIM1_IRQHandler
                0x0000000008000e8c                DCMI_PSSI_IRQHandler
                0x0000000008000e8c                I2C4_ER_IRQHandler
                0x0000000008000e8c                DMA2_Stream6_IRQHandler
                0x0000000008000e8c                SAI1_IRQHandler
                0x0000000008000e8c                DMA1_Stream3_IRQHandler
 *fill*         0x0000000008000e8e        0x2 
 .text.HAL_Init
                0x0000000008000e90       0x78 ./Drivers/STM32H7xx_HAL_Driver/Src/stm32h7xx_hal.o
                0x0000000008000e90                HAL_Init
 .text.HAL_InitTick
                0x0000000008000f08       0x6c ./Drivers/STM32H7xx_HAL_Driver/Src/stm32h7xx_hal.o
                0x0000000008000f08                HAL_InitTick
 .text.HAL_IncTick
                0x0000000008000f74       0x28 ./Drivers/STM32H7xx_HAL_Driver/Src/stm32h7xx_hal.o
                0x0000000008000f74                HAL_IncTick
 .text.HAL_GetTick
                0x0000000008000f9c       0x18 ./Drivers/STM32H7xx_HAL_Driver/Src/stm32h7xx_hal.o
                0x0000000008000f9c                HAL_GetTick
 .text.HAL_SYSCFG_ETHInterfaceSelect
                0x0000000008000fb4       0x28 ./Drivers/STM32H7xx_HAL_Driver/Src/stm32h7xx_hal.o
                0x0000000008000fb4                HAL_SYSCFG_ETHInterfaceSelect
 .text.__NVIC_SetPriorityGrouping
                0x0000000008000fdc       0x48 ./Drivers/STM32H7xx_HAL_Driver/Src/stm32h7xx_hal_cortex.o
 .text.__NVIC_GetPriorityGrouping
                0x0000000008001024       0x1c ./Drivers/STM32H7xx_HAL_Driver/Src/stm32h7xx_hal_cortex.o
 .text.__NVIC_SetPriority
                0x0000000008001040       0x54 ./Drivers/STM32H7xx_HAL_Driver/Src/stm32h7xx_hal_cortex.o
 .text.NVIC_EncodePriority
                0x0000000008001094       0x66 ./Drivers/STM32H7xx_HAL_Driver/Src/stm32h7xx_hal_cortex.o
 *fill*         0x00000000080010fa        0x2 
 .text.SysTick_Config
                0x00000000080010fc       0x44 ./Drivers/STM32H7xx_HAL_Driver/Src/stm32h7xx_hal_cortex.o
 .text.HAL_NVIC_SetPriorityGrouping
                0x0000000008001140       0x16 ./Drivers/STM32H7xx_HAL_Driver/Src/stm32h7xx_hal_cortex.o
                0x0000000008001140                HAL_NVIC_SetPriorityGrouping
 .text.HAL_NVIC_SetPriority
                0x0000000008001156       0x34 ./Drivers/STM32H7xx_HAL_Driver/Src/stm32h7xx_hal_cortex.o
                0x0000000008001156                HAL_NVIC_SetPriority
 .text.HAL_SYSTICK_Config
                0x000000000800118a       0x18 ./Drivers/STM32H7xx_HAL_Driver/Src/stm32h7xx_hal_cortex.o
                0x000000000800118a                HAL_SYSTICK_Config
 *fill*         0x00000000080011a2        0x2 
 .text.HAL_ETH_Init
                0x00000000080011a4      0x1cc ./Drivers/STM32H7xx_HAL_Driver/Src/stm32h7xx_hal_eth.o
                0x00000000080011a4                HAL_ETH_Init
 .text.HAL_ETH_SetMDIOClockRange
                0x0000000008001370       0xb0 ./Drivers/STM32H7xx_HAL_Driver/Src/stm32h7xx_hal_eth.o
                0x0000000008001370                HAL_ETH_SetMDIOClockRange
 .text.ETH_SetMACConfig
                0x0000000008001420      0x238 ./Drivers/STM32H7xx_HAL_Driver/Src/stm32h7xx_hal_eth.o
 .text.ETH_SetDMAConfig
                0x0000000008001658      0x10c ./Drivers/STM32H7xx_HAL_Driver/Src/stm32h7xx_hal_eth.o
 .text.ETH_MACDMAConfig
                0x0000000008001764      0x13a ./Drivers/STM32H7xx_HAL_Driver/Src/stm32h7xx_hal_eth.o
 .text.ETH_DMATxDescListInit
                0x000000000800189e       0x92 ./Drivers/STM32H7xx_HAL_Driver/Src/stm32h7xx_hal_eth.o
 .text.ETH_DMARxDescListInit
                0x0000000008001930       0xba ./Drivers/STM32H7xx_HAL_Driver/Src/stm32h7xx_hal_eth.o
 *fill*         0x00000000080019ea        0x2 
 .text.HAL_GPIO_Init
                0x00000000080019ec      0x350 ./Drivers/STM32H7xx_HAL_Driver/Src/stm32h7xx_hal_gpio.o
                0x00000000080019ec                HAL_GPIO_Init
 .text.HAL_GPIO_WritePin
                0x0000000008001d3c       0x32 ./Drivers/STM32H7xx_HAL_Driver/Src/stm32h7xx_hal_gpio.o
                0x0000000008001d3c                HAL_GPIO_WritePin
 *fill*         0x0000000008001d6e        0x2 
 .text.HAL_PWREx_ConfigSupply
                0x0000000008001d70       0x74 ./Drivers/STM32H7xx_HAL_Driver/Src/stm32h7xx_hal_pwr_ex.o
                0x0000000008001d70                HAL_PWREx_ConfigSupply
 .text.HAL_RCC_OscConfig
                0x0000000008001de4      0x7b4 ./Drivers/STM32H7xx_HAL_Driver/Src/stm32h7xx_hal_rcc.o
                0x0000000008001de4                HAL_RCC_OscConfig
 .text.HAL_RCC_ClockConfig
                0x0000000008002598      0x36c ./Drivers/STM32H7xx_HAL_Driver/Src/stm32h7xx_hal_rcc.o
                0x0000000008002598                HAL_RCC_ClockConfig
 .text.HAL_RCC_GetSysClockFreq
                0x0000000008002904      0x2f4 ./Drivers/STM32H7xx_HAL_Driver/Src/stm32h7xx_hal_rcc.o
                0x0000000008002904                HAL_RCC_GetSysClockFreq
 .text.HAL_RCC_GetHCLKFreq
                0x0000000008002bf8       0x60 ./Drivers/STM32H7xx_HAL_Driver/Src/stm32h7xx_hal_rcc.o
                0x0000000008002bf8                HAL_RCC_GetHCLKFreq
 .text.HAL_RCC_GetPCLK1Freq
                0x0000000008002c58       0x2c ./Drivers/STM32H7xx_HAL_Driver/Src/stm32h7xx_hal_rcc.o
                0x0000000008002c58                HAL_RCC_GetPCLK1Freq
 .text.HAL_RCC_GetPCLK2Freq
                0x0000000008002c84       0x2c ./Drivers/STM32H7xx_HAL_Driver/Src/stm32h7xx_hal_rcc.o
                0x0000000008002c84                HAL_RCC_GetPCLK2Freq
 .text.HAL_RCCEx_PeriphCLKConfig
                0x0000000008002cb0     0x1340 ./Drivers/STM32H7xx_HAL_Driver/Src/stm32h7xx_hal_rcc_ex.o
                0x0000000008002cb0                HAL_RCCEx_PeriphCLKConfig
 .text.HAL_RCCEx_GetD3PCLK1Freq
                0x0000000008003ff0       0x2c ./Drivers/STM32H7xx_HAL_Driver/Src/stm32h7xx_hal_rcc_ex.o
                0x0000000008003ff0                HAL_RCCEx_GetD3PCLK1Freq
 .text.HAL_RCCEx_GetPLL2ClockFreq
                0x000000000800401c      0x2a8 ./Drivers/STM32H7xx_HAL_Driver/Src/stm32h7xx_hal_rcc_ex.o
                0x000000000800401c                HAL_RCCEx_GetPLL2ClockFreq
 .text.HAL_RCCEx_GetPLL3ClockFreq
                0x00000000080042c4      0x2a8 ./Drivers/STM32H7xx_HAL_Driver/Src/stm32h7xx_hal_rcc_ex.o
                0x00000000080042c4                HAL_RCCEx_GetPLL3ClockFreq
 .text.RCCEx_PLL2_Config
                0x000000000800456c      0x164 ./Drivers/STM32H7xx_HAL_Driver/Src/stm32h7xx_hal_rcc_ex.o
 .text.RCCEx_PLL3_Config
                0x00000000080046d0      0x164 ./Drivers/STM32H7xx_HAL_Driver/Src/stm32h7xx_hal_rcc_ex.o
 .text.HAL_UART_Init
                0x0000000008004834       0xa0 ./Drivers/STM32H7xx_HAL_Driver/Src/stm32h7xx_hal_uart.o
                0x0000000008004834                HAL_UART_Init
 .text.UART_SetConfig
                0x00000000080048d4      0xcd8 ./Drivers/STM32H7xx_HAL_Driver/Src/stm32h7xx_hal_uart.o
                0x00000000080048d4                UART_SetConfig
 .text.UART_AdvFeatureConfig
                0x00000000080055ac      0x144 ./Drivers/STM32H7xx_HAL_Driver/Src/stm32h7xx_hal_uart.o
                0x00000000080055ac                UART_AdvFeatureConfig
 .text.UART_CheckIdleState
                0x00000000080056f0      0x154 ./Drivers/STM32H7xx_HAL_Driver/Src/stm32h7xx_hal_uart.o
                0x00000000080056f0                UART_CheckIdleState
 .text.UART_WaitOnFlagUntilTimeout
                0x0000000008005844       0xce ./Drivers/STM32H7xx_HAL_Driver/Src/stm32h7xx_hal_uart.o
                0x0000000008005844                UART_WaitOnFlagUntilTimeout
 *fill*         0x0000000008005912        0x2 
 .text.UART_EndRxTransfer
                0x0000000008005914       0xcc ./Drivers/STM32H7xx_HAL_Driver/Src/stm32h7xx_hal_uart.o
 .text.HAL_UARTEx_DisableFifoMode
                0x00000000080059e0       0x72 ./Drivers/STM32H7xx_HAL_Driver/Src/stm32h7xx_hal_uart_ex.o
                0x00000000080059e0                HAL_UARTEx_DisableFifoMode
 .text.HAL_UARTEx_SetTxFifoThreshold
                0x0000000008005a52       0x7c ./Drivers/STM32H7xx_HAL_Driver/Src/stm32h7xx_hal_uart_ex.o
                0x0000000008005a52                HAL_UARTEx_SetTxFifoThreshold
 .text.HAL_UARTEx_SetRxFifoThreshold
                0x0000000008005ace       0x7c ./Drivers/STM32H7xx_HAL_Driver/Src/stm32h7xx_hal_uart_ex.o
                0x0000000008005ace                HAL_UARTEx_SetRxFifoThreshold
 *fill*         0x0000000008005b4a        0x2 
 .text.UARTEx_SetNbDataToProcess
                0x0000000008005b4c       0x9c ./Drivers/STM32H7xx_HAL_Driver/Src/stm32h7xx_hal_uart_ex.o
 .text.__libc_init_array
                0x0000000008005be8       0x48 c:/st/stm32cubeide_1.6.1/stm32cubeide/plugins/com.st.stm32cube.ide.mcu.externaltools.gnu-tools-for-stm32.10.3-2021.10.win32_1.0.200.202301161003/tools/bin/../lib/gcc/arm-none-eabi/10.3.1/../../../../arm-none-eabi/lib/thumb/v7e-m+dp/hard\libc_nano.a(lib_a-init.o)
                0x0000000008005be8                __libc_init_array
 .text.memset   0x0000000008005c30       0x10 c:/st/stm32cubeide_1.6.1/stm32cubeide/plugins/com.st.stm32cube.ide.mcu.externaltools.gnu-tools-for-stm32.10.3-2021.10.win32_1.0.200.202301161003/tools/bin/../lib/gcc/arm-none-eabi/10.3.1/../../../../arm-none-eabi/lib/thumb/v7e-m+dp/hard\libc_nano.a(lib_a-memset.o)
                0x0000000008005c30                memset
 *(.glue_7)
 .glue_7        0x0000000008005c40        0x0 linker stubs
 *(.glue_7t)
 .glue_7t       0x0000000008005c40        0x0 linker stubs
 *(.eh_frame)
 .eh_frame      0x0000000008005c40        0x0 c:/st/stm32cubeide_1.6.1/stm32cubeide/plugins/com.st.stm32cube.ide.mcu.externaltools.gnu-tools-for-stm32.10.3-2021.10.win32_1.0.200.202301161003/tools/bin/../lib/gcc/arm-none-eabi/10.3.1/thumb/v7e-m+dp/hard/crtbegin.o
 *(.init)
 .init          0x0000000008005c40        0x4 c:/st/stm32cubeide_1.6.1/stm32cubeide/plugins/com.st.stm32cube.ide.mcu.externaltools.gnu-tools-for-stm32.10.3-2021.10.win32_1.0.200.202301161003/tools/bin/../lib/gcc/arm-none-eabi/10.3.1/thumb/v7e-m+dp/hard/crti.o
                0x0000000008005c40                _init
 .init          0x0000000008005c44        0x8 c:/st/stm32cubeide_1.6.1/stm32cubeide/plugins/com.st.stm32cube.ide.mcu.externaltools.gnu-tools-for-stm32.10.3-2021.10.win32_1.0.200.202301161003/tools/bin/../lib/gcc/arm-none-eabi/10.3.1/thumb/v7e-m+dp/hard/crtn.o
 *(.fini)
 .fini          0x0000000008005c4c        0x4 c:/st/stm32cubeide_1.6.1/stm32cubeide/plugins/com.st.stm32cube.ide.mcu.externaltools.gnu-tools-for-stm32.10.3-2021.10.win32_1.0.200.202301161003/tools/bin/../lib/gcc/arm-none-eabi/10.3.1/thumb/v7e-m+dp/hard/crti.o
                0x0000000008005c4c                _fini
 .fini          0x0000000008005c50        0x8 c:/st/stm32cubeide_1.6.1/stm32cubeide/plugins/com.st.stm32cube.ide.mcu.externaltools.gnu-tools-for-stm32.10.3-2021.10.win32_1.0.200.202301161003/tools/bin/../lib/gcc/arm-none-eabi/10.3.1/thumb/v7e-m+dp/hard/crtn.o
                0x0000000008005c58                . = ALIGN (0x4)
                0x0000000008005c58                _etext = .

.vfp11_veneer   0x0000000008005c58        0x0
 .vfp11_veneer  0x0000000008005c58        0x0 linker stubs

.v4_bx          0x0000000008005c58        0x0
 .v4_bx         0x0000000008005c58        0x0 linker stubs

.iplt           0x0000000008005c58        0x0
 .iplt          0x0000000008005c58        0x0 c:/st/stm32cubeide_1.6.1/stm32cubeide/plugins/com.st.stm32cube.ide.mcu.externaltools.gnu-tools-for-stm32.10.3-2021.10.win32_1.0.200.202301161003/tools/bin/../lib/gcc/arm-none-eabi/10.3.1/thumb/v7e-m+dp/hard/crtbegin.o

.rodata         0x0000000008005c58       0x38
                0x0000000008005c58                . = ALIGN (0x4)
 *(.rodata)
 *(.rodata*)
 .rodata.D1CorePrescTable
                0x0000000008005c58       0x10 ./Core/Src/system_stm32h7xx.o
                0x0000000008005c58                D1CorePrescTable
 .rodata.UARTPrescTable
                0x0000000008005c68       0x18 ./Drivers/STM32H7xx_HAL_Driver/Src/stm32h7xx_hal_uart.o
                0x0000000008005c68                UARTPrescTable
 .rodata.numerator.1
                0x0000000008005c80        0x8 ./Drivers/STM32H7xx_HAL_Driver/Src/stm32h7xx_hal_uart_ex.o
 .rodata.denominator.0
                0x0000000008005c88        0x8 ./Drivers/STM32H7xx_HAL_Driver/Src/stm32h7xx_hal_uart_ex.o
                0x0000000008005c90                . = ALIGN (0x4)

.ARM.extab
 *(.ARM.extab* .gnu.linkonce.armextab.*)

.ARM            0x0000000008005c90        0x8
                0x0000000008005c90                __exidx_start = .
 *(.ARM.exidx*)
 .ARM.exidx     0x0000000008005c90        0x8 c:/st/stm32cubeide_1.6.1/stm32cubeide/plugins/com.st.stm32cube.ide.mcu.externaltools.gnu-tools-for-stm32.10.3-2021.10.win32_1.0.200.202301161003/tools/bin/../lib/gcc/arm-none-eabi/10.3.1/thumb/v7e-m+dp/hard\libgcc.a(_udivmoddi4.o)
                0x0000000008005c98                __exidx_end = .

.rel.dyn        0x0000000008005c98        0x0
 .rel.iplt      0x0000000008005c98        0x0 c:/st/stm32cubeide_1.6.1/stm32cubeide/plugins/com.st.stm32cube.ide.mcu.externaltools.gnu-tools-for-stm32.10.3-2021.10.win32_1.0.200.202301161003/tools/bin/../lib/gcc/arm-none-eabi/10.3.1/thumb/v7e-m+dp/hard/crtbegin.o

.preinit_array  0x0000000008005c98        0x0
                0x0000000008005c98                PROVIDE (__preinit_array_start = .)
 *(.preinit_array*)
                0x0000000008005c98                PROVIDE (__preinit_array_end = .)

.init_array     0x0000000008005c98        0x4
                0x0000000008005c98                PROVIDE (__init_array_start = .)
 *(SORT_BY_NAME(.init_array.*))
 *(.init_array*)
 .init_array    0x0000000008005c98        0x4 c:/st/stm32cubeide_1.6.1/stm32cubeide/plugins/com.st.stm32cube.ide.mcu.externaltools.gnu-tools-for-stm32.10.3-2021.10.win32_1.0.200.202301161003/tools/bin/../lib/gcc/arm-none-eabi/10.3.1/thumb/v7e-m+dp/hard/crtbegin.o
                0x0000000008005c9c                PROVIDE (__init_array_end = .)

.fini_array     0x0000000008005c9c        0x4
                [!provide]                        PROVIDE (__fini_array_start = .)
 *(SORT_BY_NAME(.fini_array.*))
 *(.fini_array*)
 .fini_array    0x0000000008005c9c        0x4 c:/st/stm32cubeide_1.6.1/stm32cubeide/plugins/com.st.stm32cube.ide.mcu.externaltools.gnu-tools-for-stm32.10.3-2021.10.win32_1.0.200.202301161003/tools/bin/../lib/gcc/arm-none-eabi/10.3.1/thumb/v7e-m+dp/hard/crtbegin.o
                [!provide]                        PROVIDE (__fini_array_end = .)
                0x0000000008005ca0                _sidata = LOADADDR (.data)

.data           0x0000000024000000       0x10 load address 0x0000000008005ca0
                0x0000000024000000                . = ALIGN (0x4)
                0x0000000024000000                _sdata = .
 *(.data)
 *(.data*)
 .data.SystemCoreClock
                0x0000000024000000        0x4 ./Core/Src/system_stm32h7xx.o
                0x0000000024000000                SystemCoreClock
 .data.SystemD2Clock
                0x0000000024000004        0x4 ./Core/Src/system_stm32h7xx.o
                0x0000000024000004                SystemD2Clock
 .data.uwTickPrio
                0x0000000024000008        0x4 ./Drivers/STM32H7xx_HAL_Driver/Src/stm32h7xx_hal.o
                0x0000000024000008                uwTickPrio
 .data.uwTickFreq
                0x000000002400000c        0x1 ./Drivers/STM32H7xx_HAL_Driver/Src/stm32h7xx_hal.o
                0x000000002400000c                uwTickFreq
 *(.RamFunc)
 *(.RamFunc*)
                0x0000000024000010                . = ALIGN (0x4)
 *fill*         0x000000002400000d        0x3 
                0x0000000024000010                _edata = .

.igot.plt       0x0000000024000010        0x0 load address 0x0000000008005cb0
 .igot.plt      0x0000000024000010        0x0 c:/st/stm32cubeide_1.6.1/stm32cubeide/plugins/com.st.stm32cube.ide.mcu.externaltools.gnu-tools-for-stm32.10.3-2021.10.win32_1.0.200.202301161003/tools/bin/../lib/gcc/arm-none-eabi/10.3.1/thumb/v7e-m+dp/hard/crtbegin.o

.RxDecripSection
                0x0000000024000010       0x60 load address 0x0000000008005cb0
 .RxDecripSection
                0x0000000024000010       0x60 ./Core/Src/eth.o
                0x0000000024000010                DMARxDscrTab

.TxDecripSection
                0x0000000024000070       0x60 load address 0x0000000008005d10
 .TxDecripSection
                0x0000000024000070       0x60 ./Core/Src/eth.o
                0x0000000024000070                DMATxDscrTab
                0x00000000240000d0                . = ALIGN (0x4)

.bss            0x00000000240000d0      0x1a4 load address 0x0000000008005d70
                0x00000000240000d0                _sbss = .
                0x00000000240000d0                __bss_start__ = _sbss
 *(.bss)
 .bss           0x00000000240000d0       0x1c c:/st/stm32cubeide_1.6.1/stm32cubeide/plugins/com.st.stm32cube.ide.mcu.externaltools.gnu-tools-for-stm32.10.3-2021.10.win32_1.0.200.202301161003/tools/bin/../lib/gcc/arm-none-eabi/10.3.1/thumb/v7e-m+dp/hard/crtbegin.o
 *(.bss*)
 .bss.TxConfig  0x00000000240000ec       0x38 ./Core/Src/eth.o
                0x00000000240000ec                TxConfig
 .bss.heth      0x0000000024000124       0xb0 ./Core/Src/eth.o
                0x0000000024000124                heth
 .bss.MACAddr.0
                0x00000000240001d4        0x6 ./Core/Src/eth.o
 *fill*         0x00000000240001da        0x2 
 .bss.huart3    0x00000000240001dc       0x94 ./Core/Src/usart.o
                0x00000000240001dc                huart3
 .bss.uwTick    0x0000000024000270        0x4 ./Drivers/STM32H7xx_HAL_Driver/Src/stm32h7xx_hal.o
                0x0000000024000270                uwTick
 *(COMMON)
                0x0000000024000274                . = ALIGN (0x4)
                0x0000000024000274                _ebss = .
                0x0000000024000274                __bss_end__ = _ebss

._user_heap_stack
                0x0000000024000274      0x604 load address 0x0000000008005d70
                0x0000000024000278                . = ALIGN (0x8)
 *fill*         0x0000000024000274        0x4 
                [!provide]                        PROVIDE (end = .)
                0x0000000024000278                PROVIDE (_end = .)
                0x0000000024000478                . = (. + _Min_Heap_Size)
 *fill*         0x0000000024000278      0x200 
                0x0000000024000878                . = (. + _Min_Stack_Size)
 *fill*         0x0000000024000478      0x400 
                0x0000000024000878                . = ALIGN (0x8)

/DISCARD/
 libc.a(*)
 libm.a(*)
 libgcc.a(*)

.ARM.attributes
                0x0000000000000000       0x2e
 *(.ARM.attributes)
 .ARM.attributes
                0x0000000000000000       0x1e c:/st/stm32cubeide_1.6.1/stm32cubeide/plugins/com.st.stm32cube.ide.mcu.externaltools.gnu-tools-for-stm32.10.3-2021.10.win32_1.0.200.202301161003/tools/bin/../lib/gcc/arm-none-eabi/10.3.1/thumb/v7e-m+dp/hard/crti.o
 .ARM.attributes
                0x000000000000001e       0x32 c:/st/stm32cubeide_1.6.1/stm32cubeide/plugins/com.st.stm32cube.ide.mcu.externaltools.gnu-tools-for-stm32.10.3-2021.10.win32_1.0.200.202301161003/tools/bin/../lib/gcc/arm-none-eabi/10.3.1/thumb/v7e-m+dp/hard/crtbegin.o
 .ARM.attributes
                0x0000000000000050       0x32 ./Core/Src/eth.o
 .ARM.attributes
                0x0000000000000082       0x32 ./Core/Src/gpio.o
 .ARM.attributes
                0x00000000000000b4       0x32 ./Core/Src/main.o
 .ARM.attributes
                0x00000000000000e6       0x32 ./Core/Src/stm32h7xx_hal_msp.o
 .ARM.attributes
                0x0000000000000118       0x32 ./Core/Src/stm32h7xx_it.o
 .ARM.attributes
                0x000000000000014a       0x32 ./Core/Src/system_stm32h7xx.o
 .ARM.attributes
                0x000000000000017c       0x32 ./Core/Src/usart.o
 .ARM.attributes
                0x00000000000001ae       0x32 ./Core/Src/usb_otg.o
 .ARM.attributes
                0x00000000000001e0       0x21 ./Core/Startup/startup_stm32h723zgtx.o
 .ARM.attributes
                0x0000000000000201       0x32 ./Drivers/STM32H7xx_HAL_Driver/Src/stm32h7xx_hal.o
 .ARM.attributes
                0x0000000000000233       0x32 ./Drivers/STM32H7xx_HAL_Driver/Src/stm32h7xx_hal_cortex.o
 .ARM.attributes
                0x0000000000000265       0x32 ./Drivers/STM32H7xx_HAL_Driver/Src/stm32h7xx_hal_eth.o
 .ARM.attributes
                0x0000000000000297       0x32 ./Drivers/STM32H7xx_HAL_Driver/Src/stm32h7xx_hal_gpio.o
 .ARM.attributes
                0x00000000000002c9       0x32 ./Drivers/STM32H7xx_HAL_Driver/Src/stm32h7xx_hal_pwr_ex.o
 .ARM.attributes
                0x00000000000002fb       0x32 ./Drivers/STM32H7xx_HAL_Driver/Src/stm32h7xx_hal_rcc.o
 .ARM.attributes
                0x000000000000032d       0x32 ./Drivers/STM32H7xx_HAL_Driver/Src/stm32h7xx_hal_rcc_ex.o
 .ARM.attributes
                0x000000000000035f       0x32 ./Drivers/STM32H7xx_HAL_Driver/Src/stm32h7xx_hal_uart.o
 .ARM.attributes
                0x0000000000000391       0x32 ./Drivers/STM32H7xx_HAL_Driver/Src/stm32h7xx_hal_uart_ex.o
 .ARM.attributes
                0x00000000000003c3       0x32 c:/st/stm32cubeide_1.6.1/stm32cubeide/plugins/com.st.stm32cube.ide.mcu.externaltools.gnu-tools-for-stm32.10.3-2021.10.win32_1.0.200.202301161003/tools/bin/../lib/gcc/arm-none-eabi/10.3.1/../../../../arm-none-eabi/lib/thumb/v7e-m+dp/hard\libc_nano.a(lib_a-init.o)
 .ARM.attributes
                0x00000000000003f5       0x32 c:/st/stm32cubeide_1.6.1/stm32cubeide/plugins/com.st.stm32cube.ide.mcu.externaltools.gnu-tools-for-stm32.10.3-2021.10.win32_1.0.200.202301161003/tools/bin/../lib/gcc/arm-none-eabi/10.3.1/../../../../arm-none-eabi/lib/thumb/v7e-m+dp/hard\libc_nano.a(lib_a-memset.o)
 .ARM.attributes
                0x0000000000000427       0x1e c:/st/stm32cubeide_1.6.1/stm32cubeide/plugins/com.st.stm32cube.ide.mcu.externaltools.gnu-tools-for-stm32.10.3-2021.10.win32_1.0.200.202301161003/tools/bin/../lib/gcc/arm-none-eabi/10.3.1/thumb/v7e-m+dp/hard\libgcc.a(_aeabi_uldivmod.o)
 .ARM.attributes
                0x0000000000000445       0x32 c:/st/stm32cubeide_1.6.1/stm32cubeide/plugins/com.st.stm32cube.ide.mcu.externaltools.gnu-tools-for-stm32.10.3-2021.10.win32_1.0.200.202301161003/tools/bin/../lib/gcc/arm-none-eabi/10.3.1/thumb/v7e-m+dp/hard\libgcc.a(_udivmoddi4.o)
 .ARM.attributes
                0x0000000000000477       0x1e c:/st/stm32cubeide_1.6.1/stm32cubeide/plugins/com.st.stm32cube.ide.mcu.externaltools.gnu-tools-for-stm32.10.3-2021.10.win32_1.0.200.202301161003/tools/bin/../lib/gcc/arm-none-eabi/10.3.1/thumb/v7e-m+dp/hard\libgcc.a(_dvmd_tls.o)
 .ARM.attributes
                0x0000000000000495       0x1e c:/st/stm32cubeide_1.6.1/stm32cubeide/plugins/com.st.stm32cube.ide.mcu.externaltools.gnu-tools-for-stm32.10.3-2021.10.win32_1.0.200.202301161003/tools/bin/../lib/gcc/arm-none-eabi/10.3.1/thumb/v7e-m+dp/hard/crtn.o
OUTPUT(stm32h723zg_eth_test.elf elf32-littlearm)
LOAD linker stubs
LOAD c:/st/stm32cubeide_1.6.1/stm32cubeide/plugins/com.st.stm32cube.ide.mcu.externaltools.gnu-tools-for-stm32.10.3-2021.10.win32_1.0.200.202301161003/tools/bin/../lib/gcc/arm-none-eabi/10.3.1/../../../../arm-none-eabi/lib/thumb/v7e-m+dp/hard\libc.a
LOAD c:/st/stm32cubeide_1.6.1/stm32cubeide/plugins/com.st.stm32cube.ide.mcu.externaltools.gnu-tools-for-stm32.10.3-2021.10.win32_1.0.200.202301161003/tools/bin/../lib/gcc/arm-none-eabi/10.3.1/../../../../arm-none-eabi/lib/thumb/v7e-m+dp/hard\libm.a
LOAD c:/st/stm32cubeide_1.6.1/stm32cubeide/plugins/com.st.stm32cube.ide.mcu.externaltools.gnu-tools-for-stm32.10.3-2021.10.win32_1.0.200.202301161003/tools/bin/../lib/gcc/arm-none-eabi/10.3.1/thumb/v7e-m+dp/hard\libgcc.a

.debug_info     0x0000000000000000    0x1350e
 .debug_info    0x0000000000000000     0x1817 ./Core/Src/eth.o
 .debug_info    0x0000000000001817      0x6fa ./Core/Src/gpio.o
 .debug_info    0x0000000000001f11      0x46e ./Core/Src/main.o
 .debug_info    0x000000000000237f      0x4a4 ./Core/Src/stm32h7xx_hal_msp.o
 .debug_info    0x0000000000002823      0x137 ./Core/Src/stm32h7xx_it.o
 .debug_info    0x000000000000295a      0xb45 ./Core/Src/system_stm32h7xx.o
 .debug_info    0x000000000000349f     0x10f0 ./Core/Src/usart.o
 .debug_info    0x000000000000458f       0x9e ./Core/Src/usb_otg.o
 .debug_info    0x000000000000462d       0x22 ./Core/Startup/startup_stm32h723zgtx.o
 .debug_info    0x000000000000464f     0x1746 ./Drivers/STM32H7xx_HAL_Driver/Src/stm32h7xx_hal.o
 .debug_info    0x0000000000005d95     0x1161 ./Drivers/STM32H7xx_HAL_Driver/Src/stm32h7xx_hal_cortex.o
 .debug_info    0x0000000000006ef6     0x2b44 ./Drivers/STM32H7xx_HAL_Driver/Src/stm32h7xx_hal_eth.o
 .debug_info    0x0000000000009a3a      0xd37 ./Drivers/STM32H7xx_HAL_Driver/Src/stm32h7xx_hal_gpio.o
 .debug_info    0x000000000000a771      0xe71 ./Drivers/STM32H7xx_HAL_Driver/Src/stm32h7xx_hal_pwr_ex.o
 .debug_info    0x000000000000b5e2      0xe4a ./Drivers/STM32H7xx_HAL_Driver/Src/stm32h7xx_hal_rcc.o
 .debug_info    0x000000000000c42c     0x12be ./Drivers/STM32H7xx_HAL_Driver/Src/stm32h7xx_hal_rcc_ex.o
 .debug_info    0x000000000000d6ea     0x4dca ./Drivers/STM32H7xx_HAL_Driver/Src/stm32h7xx_hal_uart.o
 .debug_info    0x00000000000124b4     0x105a ./Drivers/STM32H7xx_HAL_Driver/Src/stm32h7xx_hal_uart_ex.o

.debug_abbrev   0x0000000000000000     0x2240
 .debug_abbrev  0x0000000000000000      0x23f ./Core/Src/eth.o
 .debug_abbrev  0x000000000000023f      0x17b ./Core/Src/gpio.o
 .debug_abbrev  0x00000000000003ba      0x1af ./Core/Src/main.o
 .debug_abbrev  0x0000000000000569       0xda ./Core/Src/stm32h7xx_hal_msp.o
 .debug_abbrev  0x0000000000000643       0x74 ./Core/Src/stm32h7xx_it.o
 .debug_abbrev  0x00000000000006b7      0x136 ./Core/Src/system_stm32h7xx.o
 .debug_abbrev  0x00000000000007ed      0x233 ./Core/Src/usart.o
 .debug_abbrev  0x0000000000000a20       0x47 ./Core/Src/usb_otg.o
 .debug_abbrev  0x0000000000000a67       0x12 ./Core/Startup/startup_stm32h723zgtx.o
 .debug_abbrev  0x0000000000000a79      0x292 ./Drivers/STM32H7xx_HAL_Driver/Src/stm32h7xx_hal.o
 .debug_abbrev  0x0000000000000d0b      0x329 ./Drivers/STM32H7xx_HAL_Driver/Src/stm32h7xx_hal_cortex.o
 .debug_abbrev  0x0000000000001034      0x2bd ./Drivers/STM32H7xx_HAL_Driver/Src/stm32h7xx_hal_eth.o
 .debug_abbrev  0x00000000000012f1      0x1ec ./Drivers/STM32H7xx_HAL_Driver/Src/stm32h7xx_hal_gpio.o
 .debug_abbrev  0x00000000000014dd      0x27e ./Drivers/STM32H7xx_HAL_Driver/Src/stm32h7xx_hal_pwr_ex.o
 .debug_abbrev  0x000000000000175b      0x2a7 ./Drivers/STM32H7xx_HAL_Driver/Src/stm32h7xx_hal_rcc.o
 .debug_abbrev  0x0000000000001a02      0x25c ./Drivers/STM32H7xx_HAL_Driver/Src/stm32h7xx_hal_rcc_ex.o
 .debug_abbrev  0x0000000000001c5e      0x325 ./Drivers/STM32H7xx_HAL_Driver/Src/stm32h7xx_hal_uart.o
 .debug_abbrev  0x0000000000001f83      0x2bd ./Drivers/STM32H7xx_HAL_Driver/Src/stm32h7xx_hal_uart_ex.o

.debug_aranges  0x0000000000000000      0xc70
 .debug_aranges
                0x0000000000000000       0x30 ./Core/Src/eth.o
 .debug_aranges
                0x0000000000000030       0x20 ./Core/Src/gpio.o
 .debug_aranges
                0x0000000000000050       0x30 ./Core/Src/main.o
 .debug_aranges
                0x0000000000000080       0x20 ./Core/Src/stm32h7xx_hal_msp.o
 .debug_aranges
                0x00000000000000a0       0x60 ./Core/Src/stm32h7xx_it.o
 .debug_aranges
                0x0000000000000100       0x28 ./Core/Src/system_stm32h7xx.o
 .debug_aranges
                0x0000000000000128       0x30 ./Core/Src/usart.o
 .debug_aranges
                0x0000000000000158       0x20 ./Core/Src/usb_otg.o
 .debug_aranges
                0x0000000000000178       0x28 ./Core/Startup/startup_stm32h723zgtx.o
 .debug_aranges
                0x00000000000001a0      0x1c8 ./Drivers/STM32H7xx_HAL_Driver/Src/stm32h7xx_hal.o
 .debug_aranges
                0x0000000000000368      0x120 ./Drivers/STM32H7xx_HAL_Driver/Src/stm32h7xx_hal_cortex.o
 .debug_aranges
                0x0000000000000488      0x1d8 ./Drivers/STM32H7xx_HAL_Driver/Src/stm32h7xx_hal_eth.o
 .debug_aranges
                0x0000000000000660       0x58 ./Drivers/STM32H7xx_HAL_Driver/Src/stm32h7xx_hal_gpio.o
 .debug_aranges
                0x00000000000006b8      0x148 ./Drivers/STM32H7xx_HAL_Driver/Src/stm32h7xx_hal_pwr_ex.o
 .debug_aranges
                0x0000000000000800       0x88 ./Drivers/STM32H7xx_HAL_Driver/Src/stm32h7xx_hal_rcc.o
 .debug_aranges
                0x0000000000000888       0xf8 ./Drivers/STM32H7xx_HAL_Driver/Src/stm32h7xx_hal_rcc_ex.o
 .debug_aranges
                0x0000000000000980      0x248 ./Drivers/STM32H7xx_HAL_Driver/Src/stm32h7xx_hal_uart.o
 .debug_aranges
                0x0000000000000bc8       0xa8 ./Drivers/STM32H7xx_HAL_Driver/Src/stm32h7xx_hal_uart_ex.o

.debug_ranges   0x0000000000000000      0xb88
 .debug_ranges  0x0000000000000000       0x20 ./Core/Src/eth.o
 .debug_ranges  0x0000000000000020       0x10 ./Core/Src/gpio.o
 .debug_ranges  0x0000000000000030       0x20 ./Core/Src/main.o
 .debug_ranges  0x0000000000000050       0x10 ./Core/Src/stm32h7xx_hal_msp.o
 .debug_ranges  0x0000000000000060       0x50 ./Core/Src/stm32h7xx_it.o
 .debug_ranges  0x00000000000000b0       0x18 ./Core/Src/system_stm32h7xx.o
 .debug_ranges  0x00000000000000c8       0x20 ./Core/Src/usart.o
 .debug_ranges  0x00000000000000e8       0x10 ./Core/Src/usb_otg.o
 .debug_ranges  0x00000000000000f8       0x20 ./Core/Startup/startup_stm32h723zgtx.o
 .debug_ranges  0x0000000000000118      0x1b8 ./Drivers/STM32H7xx_HAL_Driver/Src/stm32h7xx_hal.o
 .debug_ranges  0x00000000000002d0      0x110 ./Drivers/STM32H7xx_HAL_Driver/Src/stm32h7xx_hal_cortex.o
 .debug_ranges  0x00000000000003e0      0x1c8 ./Drivers/STM32H7xx_HAL_Driver/Src/stm32h7xx_hal_eth.o
 .debug_ranges  0x00000000000005a8       0x48 ./Drivers/STM32H7xx_HAL_Driver/Src/stm32h7xx_hal_gpio.o
 .debug_ranges  0x00000000000005f0      0x138 ./Drivers/STM32H7xx_HAL_Driver/Src/stm32h7xx_hal_pwr_ex.o
 .debug_ranges  0x0000000000000728       0x78 ./Drivers/STM32H7xx_HAL_Driver/Src/stm32h7xx_hal_rcc.o
 .debug_ranges  0x00000000000007a0       0xe8 ./Drivers/STM32H7xx_HAL_Driver/Src/stm32h7xx_hal_rcc_ex.o
 .debug_ranges  0x0000000000000888      0x268 ./Drivers/STM32H7xx_HAL_Driver/Src/stm32h7xx_hal_uart.o
 .debug_ranges  0x0000000000000af0       0x98 ./Drivers/STM32H7xx_HAL_Driver/Src/stm32h7xx_hal_uart_ex.o

.debug_macro    0x0000000000000000    0x32b61
 .debug_macro   0x0000000000000000      0x2f1 ./Core/Src/eth.o
 .debug_macro   0x00000000000002f1      0xa90 ./Core/Src/eth.o
 .debug_macro   0x0000000000000d81      0x238 ./Core/Src/eth.o
 .debug_macro   0x0000000000000fb9       0x2e ./Core/Src/eth.o
 .debug_macro   0x0000000000000fe7       0x3b ./Core/Src/eth.o
 .debug_macro   0x0000000000001022       0x22 ./Core/Src/eth.o
 .debug_macro   0x0000000000001044       0x8e ./Core/Src/eth.o
 .debug_macro   0x00000000000010d2       0x51 ./Core/Src/eth.o
 .debug_macro   0x0000000000001123      0x103 ./Core/Src/eth.o
 .debug_macro   0x0000000000001226       0x6a ./Core/Src/eth.o
 .debug_macro   0x0000000000001290      0x1df ./Core/Src/eth.o
 .debug_macro   0x000000000000146f       0x1c ./Core/Src/eth.o
 .debug_macro   0x000000000000148b       0x22 ./Core/Src/eth.o
 .debug_macro   0x00000000000014ad       0xfb ./Core/Src/eth.o
 .debug_macro   0x00000000000015a8     0x1305 ./Core/Src/eth.o
 .debug_macro   0x00000000000028ad      0x11f ./Core/Src/eth.o
 .debug_macro   0x00000000000029cc       0x27 ./Core/Src/eth.o
 .debug_macro   0x00000000000029f3    0x211d1 ./Core/Src/eth.o
 .debug_macro   0x0000000000023bc4       0x6d ./Core/Src/eth.o
 .debug_macro   0x0000000000023c31     0x3d48 ./Core/Src/eth.o
 .debug_macro   0x0000000000027979      0x174 ./Core/Src/eth.o
 .debug_macro   0x0000000000027aed       0x52 ./Core/Src/eth.o
 .debug_macro   0x0000000000027b3f       0x1d ./Core/Src/eth.o
 .debug_macro   0x0000000000027b5c       0x3c ./Core/Src/eth.o
 .debug_macro   0x0000000000027b98       0x34 ./Core/Src/eth.o
 .debug_macro   0x0000000000027bcc       0x16 ./Core/Src/eth.o
 .debug_macro   0x0000000000027be2       0x43 ./Core/Src/eth.o
 .debug_macro   0x0000000000027c25       0x34 ./Core/Src/eth.o
 .debug_macro   0x0000000000027c59       0x10 ./Core/Src/eth.o
 .debug_macro   0x0000000000027c69       0x58 ./Core/Src/eth.o
 .debug_macro   0x0000000000027cc1       0x71 ./Core/Src/eth.o
 .debug_macro   0x0000000000027d32       0x1c ./Core/Src/eth.o
 .debug_macro   0x0000000000027d4e      0x12a ./Core/Src/eth.o
 .debug_macro   0x0000000000027e78      0x341 ./Core/Src/eth.o
 .debug_macro   0x00000000000281b9      0x19b ./Core/Src/eth.o
 .debug_macro   0x0000000000028354       0x5d ./Core/Src/eth.o
 .debug_macro   0x00000000000283b1     0x2462 ./Core/Src/eth.o
 .debug_macro   0x000000000002a813     0x1079 ./Core/Src/eth.o
 .debug_macro   0x000000000002b88c      0x154 ./Core/Src/eth.o
 .debug_macro   0x000000000002b9e0      0x114 ./Core/Src/eth.o
 .debug_macro   0x000000000002baf4      0x3f8 ./Core/Src/eth.o
 .debug_macro   0x000000000002beec       0xac ./Core/Src/eth.o
 .debug_macro   0x000000000002bf98      0x788 ./Core/Src/eth.o
 .debug_macro   0x000000000002c720      0x228 ./Core/Src/eth.o
 .debug_macro   0x000000000002c948       0x66 ./Core/Src/eth.o
 .debug_macro   0x000000000002c9ae      0x3a6 ./Core/Src/eth.o
 .debug_macro   0x000000000002cd54      0xa80 ./Core/Src/eth.o
 .debug_macro   0x000000000002d7d4      0x129 ./Core/Src/eth.o
 .debug_macro   0x000000000002d8fd      0x3f9 ./Core/Src/eth.o
 .debug_macro   0x000000000002dcf6      0x275 ./Core/Src/eth.o
 .debug_macro   0x000000000002df6b      0x3ca ./Core/Src/eth.o
 .debug_macro   0x000000000002e335      0x45c ./Core/Src/eth.o
 .debug_macro   0x000000000002e791       0x3c ./Core/Src/eth.o
 .debug_macro   0x000000000002e7cd       0x4a ./Core/Src/eth.o
 .debug_macro   0x000000000002e817      0x22c ./Core/Src/eth.o
 .debug_macro   0x000000000002ea43       0x67 ./Core/Src/eth.o
 .debug_macro   0x000000000002eaaa       0xa5 ./Core/Src/eth.o
 .debug_macro   0x000000000002eb4f      0x1c4 ./Core/Src/eth.o
 .debug_macro   0x000000000002ed13      0x22a ./Core/Src/eth.o
 .debug_macro   0x000000000002ef3d       0x35 ./Core/Src/eth.o
 .debug_macro   0x000000000002ef72      0x693 ./Core/Src/eth.o
 .debug_macro   0x000000000002f605       0xa6 ./Core/Src/eth.o
 .debug_macro   0x000000000002f6ab      0x5e6 ./Core/Src/eth.o
 .debug_macro   0x000000000002fc91      0x130 ./Core/Src/eth.o
 .debug_macro   0x000000000002fdc1       0x16 ./Core/Src/eth.o
 .debug_macro   0x000000000002fdd7       0x35 ./Core/Src/eth.o
 .debug_macro   0x000000000002fe0c       0x20 ./Core/Src/eth.o
 .debug_macro   0x000000000002fe2c      0x2c1 ./Core/Src/gpio.o
 .debug_macro   0x00000000000300ed      0x313 ./Core/Src/main.o
 .debug_macro   0x0000000000030400      0x2b7 ./Core/Src/stm32h7xx_hal_msp.o
 .debug_macro   0x00000000000306b7      0x2c1 ./Core/Src/stm32h7xx_it.o
 .debug_macro   0x0000000000030978      0x2a8 ./Core/Src/system_stm32h7xx.o
 .debug_macro   0x0000000000030c20      0x2f1 ./Core/Src/usart.o
 .debug_macro   0x0000000000030f11      0x2f1 ./Core/Src/usb_otg.o
 .debug_macro   0x0000000000031202      0x2d2 ./Drivers/STM32H7xx_HAL_Driver/Src/stm32h7xx_hal.o
 .debug_macro   0x00000000000314d4      0x2a8 ./Drivers/STM32H7xx_HAL_Driver/Src/stm32h7xx_hal_cortex.o
 .debug_macro   0x000000000003177c      0x33c ./Drivers/STM32H7xx_HAL_Driver/Src/stm32h7xx_hal_eth.o
 .debug_macro   0x0000000000031ab8      0x2af ./Drivers/STM32H7xx_HAL_Driver/Src/stm32h7xx_hal_gpio.o
 .debug_macro   0x0000000000031d67      0x2e1 ./Drivers/STM32H7xx_HAL_Driver/Src/stm32h7xx_hal_pwr_ex.o
 .debug_macro   0x0000000000032048      0x2cc ./Drivers/STM32H7xx_HAL_Driver/Src/stm32h7xx_hal_rcc.o
 .debug_macro   0x0000000000032314      0x2c6 ./Drivers/STM32H7xx_HAL_Driver/Src/stm32h7xx_hal_rcc_ex.o
 .debug_macro   0x00000000000325da      0x2d3 ./Drivers/STM32H7xx_HAL_Driver/Src/stm32h7xx_hal_uart.o
 .debug_macro   0x00000000000328ad      0x2b4 ./Drivers/STM32H7xx_HAL_Driver/Src/stm32h7xx_hal_uart_ex.o

.debug_line     0x0000000000000000    0x117df
 .debug_line    0x0000000000000000      0x931 ./Core/Src/eth.o
 .debug_line    0x0000000000000931      0x8ad ./Core/Src/gpio.o
 .debug_line    0x00000000000011de      0x93f ./Core/Src/main.o
 .debug_line    0x0000000000001b1d      0x84f ./Core/Src/stm32h7xx_hal_msp.o
 .debug_line    0x000000000000236c      0x913 ./Core/Src/stm32h7xx_it.o
 .debug_line    0x0000000000002c7f      0x9f5 ./Core/Src/system_stm32h7xx.o
 .debug_line    0x0000000000003674      0x923 ./Core/Src/usart.o
 .debug_line    0x0000000000003f97      0x881 ./Core/Src/usb_otg.o
 .debug_line    0x0000000000004818       0x88 ./Core/Startup/startup_stm32h723zgtx.o
 .debug_line    0x00000000000048a0      0xe8f ./Drivers/STM32H7xx_HAL_Driver/Src/stm32h7xx_hal.o
 .debug_line    0x000000000000572f      0xe04 ./Drivers/STM32H7xx_HAL_Driver/Src/stm32h7xx_hal_cortex.o
 .debug_line    0x0000000000006533     0x1b44 ./Drivers/STM32H7xx_HAL_Driver/Src/stm32h7xx_hal_eth.o
 .debug_line    0x0000000000008077      0xcad ./Drivers/STM32H7xx_HAL_Driver/Src/stm32h7xx_hal_gpio.o
 .debug_line    0x0000000000008d24      0xe73 ./Drivers/STM32H7xx_HAL_Driver/Src/stm32h7xx_hal_pwr_ex.o
 .debug_line    0x0000000000009b97     0x1325 ./Drivers/STM32H7xx_HAL_Driver/Src/stm32h7xx_hal_rcc.o
 .debug_line    0x000000000000aebc     0x1bbb ./Drivers/STM32H7xx_HAL_Driver/Src/stm32h7xx_hal_rcc_ex.o
 .debug_line    0x000000000000ca77     0x3ecc ./Drivers/STM32H7xx_HAL_Driver/Src/stm32h7xx_hal_uart.o
 .debug_line    0x0000000000010943      0xe9c ./Drivers/STM32H7xx_HAL_Driver/Src/stm32h7xx_hal_uart_ex.o

.debug_str      0x0000000000000000   0x144a47
 .debug_str     0x0000000000000000   0x13fa71 ./Core/Src/eth.o
                                     0x13ff46 (size before relaxing)
 .debug_str     0x000000000013fa71       0x68 ./Core/Src/gpio.o
                                     0x13f473 (size before relaxing)
 .debug_str     0x000000000013fad9      0x279 ./Core/Src/main.o
                                     0x13f4e2 (size before relaxing)
 .debug_str     0x000000000013fd52       0x2c ./Core/Src/stm32h7xx_hal_msp.o
                                     0x13f396 (size before relaxing)
 .debug_str     0x000000000013fd7e       0xc9 ./Core/Src/stm32h7xx_it.o
                                     0x13f1f5 (size before relaxing)
 .debug_str     0x000000000013fe47      0x29a ./Core/Src/system_stm32h7xx.o
                                     0x13f147 (size before relaxing)
 .debug_str     0x00000000001400e1      0x89f ./Core/Src/usart.o
                                     0x13fe77 (size before relaxing)
 .debug_str     0x0000000000140980       0x16 ./Core/Src/usb_otg.o
                                     0x13f1ee (size before relaxing)
 .debug_str     0x0000000000140996       0x36 ./Core/Startup/startup_stm32h723zgtx.o
                                         0x70 (size before relaxing)
 .debug_str     0x00000000001409cc     0x1112 ./Drivers/STM32H7xx_HAL_Driver/Src/stm32h7xx_hal.o
                                     0x1401d1 (size before relaxing)
 .debug_str     0x0000000000141ade      0x35a ./Drivers/STM32H7xx_HAL_Driver/Src/stm32h7xx_hal_cortex.o
                                     0x13fab3 (size before relaxing)
 .debug_str     0x0000000000141e38      0xfea ./Drivers/STM32H7xx_HAL_Driver/Src/stm32h7xx_hal_eth.o
                                     0x140a16 (size before relaxing)
 .debug_str     0x0000000000142e22       0xec ./Drivers/STM32H7xx_HAL_Driver/Src/stm32h7xx_hal_gpio.o
                                     0x13f192 (size before relaxing)
 .debug_str     0x0000000000142f0e      0x5ee ./Drivers/STM32H7xx_HAL_Driver/Src/stm32h7xx_hal_pwr_ex.o
                                     0x13f59a (size before relaxing)
 .debug_str     0x00000000001434fc      0x21a ./Drivers/STM32H7xx_HAL_Driver/Src/stm32h7xx_hal_rcc.o
                                     0x13f515 (size before relaxing)
 .debug_str     0x0000000000143716      0x64b ./Drivers/STM32H7xx_HAL_Driver/Src/stm32h7xx_hal_rcc_ex.o
                                     0x13fa2d (size before relaxing)
 .debug_str     0x0000000000143d61      0xa85 ./Drivers/STM32H7xx_HAL_Driver/Src/stm32h7xx_hal_uart.o
                                     0x1400b5 (size before relaxing)
 .debug_str     0x00000000001447e6      0x261 ./Drivers/STM32H7xx_HAL_Driver/Src/stm32h7xx_hal_uart_ex.o
                                     0x13f675 (size before relaxing)

.comment        0x0000000000000000       0x50
 .comment       0x0000000000000000       0x50 ./Core/Src/eth.o
                                         0x51 (size before relaxing)
 .comment       0x0000000000000050       0x51 ./Core/Src/gpio.o
 .comment       0x0000000000000050       0x51 ./Core/Src/main.o
 .comment       0x0000000000000050       0x51 ./Core/Src/stm32h7xx_hal_msp.o
 .comment       0x0000000000000050       0x51 ./Core/Src/stm32h7xx_it.o
 .comment       0x0000000000000050       0x51 ./Core/Src/system_stm32h7xx.o
 .comment       0x0000000000000050       0x51 ./Core/Src/usart.o
 .comment       0x0000000000000050       0x51 ./Core/Src/usb_otg.o
 .comment       0x0000000000000050       0x51 ./Drivers/STM32H7xx_HAL_Driver/Src/stm32h7xx_hal.o
 .comment       0x0000000000000050       0x51 ./Drivers/STM32H7xx_HAL_Driver/Src/stm32h7xx_hal_cortex.o
 .comment       0x0000000000000050       0x51 ./Drivers/STM32H7xx_HAL_Driver/Src/stm32h7xx_hal_eth.o
 .comment       0x0000000000000050       0x51 ./Drivers/STM32H7xx_HAL_Driver/Src/stm32h7xx_hal_gpio.o
 .comment       0x0000000000000050       0x51 ./Drivers/STM32H7xx_HAL_Driver/Src/stm32h7xx_hal_pwr_ex.o
 .comment       0x0000000000000050       0x51 ./Drivers/STM32H7xx_HAL_Driver/Src/stm32h7xx_hal_rcc.o
 .comment       0x0000000000000050       0x51 ./Drivers/STM32H7xx_HAL_Driver/Src/stm32h7xx_hal_rcc_ex.o
 .comment       0x0000000000000050       0x51 ./Drivers/STM32H7xx_HAL_Driver/Src/stm32h7xx_hal_uart.o
 .comment       0x0000000000000050       0x51 ./Drivers/STM32H7xx_HAL_Driver/Src/stm32h7xx_hal_uart_ex.o

.debug_frame    0x0000000000000000     0x3298
 .debug_frame   0x0000000000000000       0x74 ./Core/Src/eth.o
 .debug_frame   0x0000000000000074       0x34 ./Core/Src/gpio.o
 .debug_frame   0x00000000000000a8       0x68 ./Core/Src/main.o
 .debug_frame   0x0000000000000110       0x38 ./Core/Src/stm32h7xx_hal_msp.o
 .debug_frame   0x0000000000000148      0x104 ./Core/Src/stm32h7xx_it.o
 .debug_frame   0x000000000000024c       0x58 ./Core/Src/system_stm32h7xx.o
 .debug_frame   0x00000000000002a4       0x78 ./Core/Src/usart.o
 .debug_frame   0x000000000000031c       0x30 ./Core/Src/usb_otg.o
 .debug_frame   0x000000000000034c      0x760 ./Drivers/STM32H7xx_HAL_Driver/Src/stm32h7xx_hal.o
 .debug_frame   0x0000000000000aac      0x4b8 ./Drivers/STM32H7xx_HAL_Driver/Src/stm32h7xx_hal_cortex.o
 .debug_frame   0x0000000000000f64      0x898 ./Drivers/STM32H7xx_HAL_Driver/Src/stm32h7xx_hal_eth.o
 .debug_frame   0x00000000000017fc      0x14c ./Drivers/STM32H7xx_HAL_Driver/Src/stm32h7xx_hal_gpio.o
 .debug_frame   0x0000000000001948      0x540 ./Drivers/STM32H7xx_HAL_Driver/Src/stm32h7xx_hal_pwr_ex.o
 .debug_frame   0x0000000000001e88      0x1fc ./Drivers/STM32H7xx_HAL_Driver/Src/stm32h7xx_hal_rcc.o
 .debug_frame   0x0000000000002084      0x414 ./Drivers/STM32H7xx_HAL_Driver/Src/stm32h7xx_hal_rcc_ex.o
 .debug_frame   0x0000000000002498      0xa94 ./Drivers/STM32H7xx_HAL_Driver/Src/stm32h7xx_hal_uart.o
 .debug_frame   0x0000000000002f2c      0x2c0 ./Drivers/STM32H7xx_HAL_Driver/Src/stm32h7xx_hal_uart_ex.o
 .debug_frame   0x00000000000031ec       0x2c c:/st/stm32cubeide_1.6.1/stm32cubeide/plugins/com.st.stm32cube.ide.mcu.externaltools.gnu-tools-for-stm32.10.3-2021.10.win32_1.0.200.202301161003/tools/bin/../lib/gcc/arm-none-eabi/10.3.1/../../../../arm-none-eabi/lib/thumb/v7e-m+dp/hard\libc_nano.a(lib_a-init.o)
 .debug_frame   0x0000000000003218       0x20 c:/st/stm32cubeide_1.6.1/stm32cubeide/plugins/com.st.stm32cube.ide.mcu.externaltools.gnu-tools-for-stm32.10.3-2021.10.win32_1.0.200.202301161003/tools/bin/../lib/gcc/arm-none-eabi/10.3.1/../../../../arm-none-eabi/lib/thumb/v7e-m+dp/hard\libc_nano.a(lib_a-memset.o)
 .debug_frame   0x0000000000003238       0x2c c:/st/stm32cubeide_1.6.1/stm32cubeide/plugins/com.st.stm32cube.ide.mcu.externaltools.gnu-tools-for-stm32.10.3-2021.10.win32_1.0.200.202301161003/tools/bin/../lib/gcc/arm-none-eabi/10.3.1/thumb/v7e-m+dp/hard\libgcc.a(_aeabi_uldivmod.o)
 .debug_frame   0x0000000000003264       0x34 c:/st/stm32cubeide_1.6.1/stm32cubeide/plugins/com.st.stm32cube.ide.mcu.externaltools.gnu-tools-for-stm32.10.3-2021.10.win32_1.0.200.202301161003/tools/bin/../lib/gcc/arm-none-eabi/10.3.1/thumb/v7e-m+dp/hard\libgcc.a(_udivmoddi4.o)
